Running 158 offline test modules
........................................................................ [  4%]
................................................................... [  7%]
..................................................... [ 10%]
........................................................................ [ 14%]
............................................. [ 17%]
........................................................................ [ 21%]
........................................................................ [ 25%]
........................................................................ [ 29%]
...................................................................................................................... [ 35%]
........................................................................ [ 39%]
................................................................. [ 43%]
............................................................. [ 47%]
........................................................................ [ 51%]
...................................................................... [ 54%]
........................................................................ [ 59%]
........................................................................ [ 63%]
..................................................................... [ 66%]
........................................................................ [ 70%]
................................ssss......................... [ 74%]
........................................................................ [ 78%]
........................................................................................................................ [ 85%]
.s...................................................................... [ 89%]
........................................................................ [ 93%]
........................................................................ [ 97%]
...................................................                        [100%]
1783 passed, 8 skipped, 205 subtests passed in 90.97s (0:01:30)
